
 ============================================================
   MBT POS - Build System
   MugoByte Technologies
 ============================================================

 [1/5] Checking for Python 3.11...
 [OK] Python 3.11.9 ready.

 [2/5] Installing dependencies (2-5 minutes)...
 [OK] Dependencies ready.

 [2b/5] Bundling cloudflared tunnel client...
 [OK] tools\cloudflared.exe ready.

 [3/5] Building MBT_POS.exe (5-10 minutes)...
       Do not close this window.

cmd : 230 INFO: PyInstaller: 6.20.0, contrib hooks: 2026.5
At C:\Users\mugoj\AppData\Local\Temp\ps-script-27d671ee-5a0c-4ea9-b677-217573865a7a.ps1:83 char:75
+ ... top\MBT POS\extracted\mbt_pos"; cmd /c "BUILD.bat < nul" 2>&1 | Tee-O ...
+                                     ~~~~~~~~~~~~~~~~~~~~~~~~~~~~~
    + CategoryInfo          : NotSpecified: (230 INFO: PyIns...b hooks: 2026.5:String) [], RemoteException
    + FullyQualifiedErrorId : NativeCommandError
 
230 INFO: Python: 3.11.9
247 INFO: Platform: Windows-10-10.0.26200-SP0
247 INFO: Python environment: C:\MBT_Build\_python311
250 INFO: Removing temporary files and cleaning cache in C:\Users\mugoj\AppData\Local\pyinstaller
253 INFO: Module search paths (PYTHONPATH):
['C:\\MBT_Build\\_python311\\python311.zip',
 'C:\\MBT_Build\\_python311',
 'C:\\MBT_Build\\_python311\\Lib\\site-packages',
 'C:\\Users\\mugoj\\OneDrive\\Desktop\\MBT POS\\extracted\\mbt_pos']
937 INFO: Appending 'binaries' from .spec
938 INFO: Appending 'datas' from .spec
946 INFO: checking Analysis
946 INFO: Building Analysis because Analysis-00.toc is non existent
946 INFO: Looking for Python shared library...
946 INFO: Using Python shared library: C:\MBT_Build\_python311\python311.dll
946 INFO: Running Analysis Analysis-00.toc
946 INFO: Target bytecode optimization level: 0
946 INFO: Initializing module dependency graph...
948 INFO: Initializing module graph hook caches...
1044 INFO: Analyzing modules for base_library.zip ...
2171 INFO: Processing standard module hook 'hook-heapq.py' from 
'C:\\MBT_Build\\_python311\\Lib\\site-packages\\PyInstaller\\hooks'
2221 INFO: Processing standard module hook 'hook-encodings.py' from 
'C:\\MBT_Build\\_python311\\Lib\\site-packages\\PyInstaller\\hooks'
3317 INFO: Processing standard module hook 'hook-pickle.py' from 
'C:\\MBT_Build\\_python311\\Lib\\site-packages\\PyInstaller\\hooks'
4024 INFO: Caching module dependency graph...
4057 INFO: Analyzing C:\Users\mugoj\OneDrive\Desktop\MBT POS\extracted\mbt_pos\launcher.py
4065 INFO: Processing standard module hook 'hook-sqlite3.py' from 
'C:\\MBT_Build\\_python311\\Lib\\site-packages\\PyInstaller\\hooks'
4469 INFO: Processing standard module hook 'hook-_ctypes.py' from 
'C:\\MBT_Build\\_python311\\Lib\\site-packages\\PyInstaller\\hooks'
4527 INFO: Processing standard module hook 'hook-platform.py' from 
'C:\\MBT_Build\\_python311\\Lib\\site-packages\\PyInstaller\\hooks'
4577 INFO: Processing standard module hook 'hook-urllib3.py' from 
'C:\\MBT_Build\\_python311\\Lib\\site-packages\\_pyinstaller_hooks_contrib\\stdhooks'
4995 INFO: Processing pre-safe-import-module hook 'hook-backports.py' from 
'C:\\MBT_Build\\_python311\\Lib\\site-packages\\PyInstaller\\hooks\\pre_safe_import_module'
5003 INFO: SetuptoolsInfo: initializing cached setuptools info...
5855 INFO: Setuptools: 'backports' appears to be a full setuptools-vendored copy - creating alias to 
'setuptools._vendor.backports'!
5888 INFO: Processing standard module hook 'hook-setuptools.py' from 
'C:\\MBT_Build\\_python311\\Lib\\site-packages\\PyInstaller\\hooks'
5979 INFO: Processing pre-safe-import-module hook 'hook-distutils.py' from 
'C:\\MBT_Build\\_python311\\Lib\\site-packages\\PyInstaller\\hooks\\pre_safe_import_module'
5980 INFO: Processing pre-find-module-path hook 'hook-distutils.py' from 
'C:\\MBT_Build\\_python311\\Lib\\site-packages\\PyInstaller\\hooks\\pre_find_module_path'
6442 INFO: Processing standard module hook 'hook-distutils.py' from 
'C:\\MBT_Build\\_python311\\Lib\\site-packages\\PyInstaller\\hooks'
6488 INFO: Processing standard module hook 'hook-distutils.util.py' from 
'C:\\MBT_Build\\_python311\\Lib\\site-packages\\PyInstaller\\hooks'
6515 INFO: Processing standard module hook 'hook-sysconfig.py' from 
'C:\\MBT_Build\\_python311\\Lib\\site-packages\\PyInstaller\\hooks'
6534 INFO: Processing standard module hook 'hook-_osx_support.py' from 
'C:\\MBT_Build\\_python311\\Lib\\site-packages\\PyInstaller\\hooks'
6606 INFO: Processing pre-safe-import-module hook 'hook-packaging.py' from 
'C:\\MBT_Build\\_python311\\Lib\\site-packages\\PyInstaller\\hooks\\pre_safe_import_module'
7262 INFO: Processing pre-safe-import-module hook 'hook-typing_extensions.py' from 
'C:\\MBT_Build\\_python311\\Lib\\site-packages\\PyInstaller\\hooks\\pre_safe_import_module'
7401 INFO: Processing pre-safe-import-module hook 'hook-jaraco.py' from 
'C:\\MBT_Build\\_python311\\Lib\\site-packages\\PyInstaller\\hooks\\pre_safe_import_module'
7405 INFO: Setuptools: 'jaraco' appears to be a full setuptools-vendored copy - creating alias to 
'setuptools._vendor.jaraco'!
7432 INFO: Processing standard module hook 'hook-setuptools._vendor.jaraco.text.py' from 
'C:\\MBT_Build\\_python311\\Lib\\site-packages\\PyInstaller\\hooks'
7436 INFO: Processing pre-safe-import-module hook 'hook-importlib_resources.py' from 
'C:\\MBT_Build\\_python311\\Lib\\site-packages\\PyInstaller\\hooks\\pre_safe_import_module'
7775 INFO: Processing pre-safe-import-module hook 'hook-more_itertools.py' from 
'C:\\MBT_Build\\_python311\\Lib\\site-packages\\PyInstaller\\hooks\\pre_safe_import_module'
7776 INFO: Setuptools: 'more_itertools' appears to be a setuptools-vendored copy - creating alias to 
'setuptools._vendor.more_itertools'!
8545 INFO: Processing pre-safe-import-module hook 'hook-importlib_metadata.py' from 
'C:\\MBT_Build\\_python311\\Lib\\site-packages\\PyInstaller\\hooks\\pre_safe_import_module'
8548 INFO: Setuptools: 'importlib_metadata' appears to be a setuptools-vendored copy - creating alias to 
'setuptools._vendor.importlib_metadata'!
8596 INFO: Processing standard module hook 'hook-setuptools._vendor.importlib_metadata.py' from 
'C:\\MBT_Build\\_python311\\Lib\\site-packages\\PyInstaller\\hooks'
8957 INFO: Processing pre-safe-import-module hook 'hook-zipp.py' from 
'C:\\MBT_Build\\_python311\\Lib\\site-packages\\PyInstaller\\hooks\\pre_safe_import_module'
8959 INFO: Setuptools: 'zipp' appears to be a setuptools-vendored copy - creating alias to 'setuptools._vendor.zipp'!
9694 INFO: Processing pre-safe-import-module hook 'hook-tomli.py' from 
'C:\\MBT_Build\\_python311\\Lib\\site-packages\\PyInstaller\\hooks\\pre_safe_import_module'
9696 INFO: Setuptools: 'tomli' appears to be a setuptools-vendored copy - creating alias to 'setuptools._vendor.tomli'!
11096 INFO: Processing pre-safe-import-module hook 'hook-wheel.py' from 
'C:\\MBT_Build\\_python311\\Lib\\site-packages\\PyInstaller\\hooks\\pre_safe_import_module'
13000 INFO: Processing standard module hook 'hook-certifi.py' from 
'C:\\MBT_Build\\_python311\\Lib\\site-packages\\_pyinstaller_hooks_contrib\\stdhooks'
13310 INFO: Processing standard module hook 'hook-charset_normalizer.py' from 
'C:\\MBT_Build\\_python311\\Lib\\site-packages\\_pyinstaller_hooks_contrib\\stdhooks'
13935 INFO: Processing standard module hook 'hook-PyQt5.py' from 
'C:\\MBT_Build\\_python311\\Lib\\site-packages\\PyInstaller\\hooks'
14750 INFO: Processing standard module hook 'hook-PyQt5.QtWidgets.py' from 
'C:\\MBT_Build\\_python311\\Lib\\site-packages\\PyInstaller\\hooks'
18056 INFO: Processing standard module hook 'hook-PyQt5.QtCore.py' from 
'C:\\MBT_Build\\_python311\\Lib\\site-packages\\PyInstaller\\hooks'
21660 INFO: Processing standard module hook 'hook-PyQt5.QtGui.py' from 
'C:\\MBT_Build\\_python311\\Lib\\site-packages\\PyInstaller\\hooks'
37785 INFO: Processing standard module hook 'hook-bcrypt.py' from 
'C:\\MBT_Build\\_python311\\Lib\\site-packages\\_pyinstaller_hooks_contrib\\stdhooks'
38398 INFO: Processing standard module hook 'hook-openpyxl.py' from 
'C:\\MBT_Build\\_python311\\Lib\\site-packages\\_pyinstaller_hooks_contrib\\stdhooks'
39483 INFO: Processing standard module hook 'hook-xml.py' from 
'C:\\MBT_Build\\_python311\\Lib\\site-packages\\PyInstaller\\hooks'
39495 INFO: Processing standard module hook 'hook-xml.etree.cElementTree.py' from 
'C:\\MBT_Build\\_python311\\Lib\\site-packages\\PyInstaller\\hooks'
46871 INFO: Processing standard module hook 'hook-multiprocessing.util.py' from 
'C:\\MBT_Build\\_python311\\Lib\\site-packages\\PyInstaller\\hooks'
47834 INFO: Processing standard module hook 'hook-difflib.py' from 
'C:\\MBT_Build\\_python311\\Lib\\site-packages\\PyInstaller\\hooks'
48599 INFO: Processing standard module hook 'hook-jinja2.py' from 
'C:\\MBT_Build\\_python311\\Lib\\site-packages\\_pyinstaller_hooks_contrib\\stdhooks'
50946 INFO: Analyzing hidden import 'cffi'
51264 INFO: Processing standard module hook 'hook-pycparser.py' from 
'C:\\MBT_Build\\_python311\\Lib\\site-packages\\_pyinstaller_hooks_contrib\\stdhooks'
51911 INFO: Analyzing hidden import 'serial.tools'
51912 INFO: Analyzing hidden import 'serial.tools.list_ports'
52057 INFO: Analyzing hidden import 'logging.handlers'
52090 INFO: Analyzing hidden import 'email.mime'
52091 INFO: Analyzing hidden import 'email.mime.text'
52095 INFO: Analyzing hidden import 'desktop.utils.log_config'
52098 INFO: Processing module hooks (post-graph stage)...
52099 WARNING: Hidden import "pycparser.lextab" not found!
52099 WARNING: Hidden import "pycparser.yacctab" not found!
52128 WARNING: Hidden import "sip" not found!
54778 INFO: Performing binary vs. data reclassification (231 entries)
57797 INFO: Looking for ctypes DLLs
58014 WARNING: Ignoring /System/Library/Frameworks/CoreFoundation.framework/CoreFoundation imported from 
C:\MBT_Build\_python311\Lib\site-packages\serial\tools\list_ports_osx.py - only basenames are supported with ctypes 
imports!
58014 WARNING: Ignoring /System/Library/Frameworks/IOKit.framework/IOKit imported from 
C:\MBT_Build\_python311\Lib\site-packages\serial\tools\list_ports_osx.py - only basenames are supported with ctypes 
imports!
58148 INFO: Analyzing run-time hooks ...
58158 INFO: Including run-time hook 'pyi_rth_inspect.py' from 
'C:\\MBT_Build\\_python311\\Lib\\site-packages\\PyInstaller\\hooks\\rthooks'
58195 INFO: Including run-time hook 'pyi_rth_multiprocessing.py' from 
'C:\\MBT_Build\\_python311\\Lib\\site-packages\\PyInstaller\\hooks\\rthooks'
58235 INFO: Including run-time hook 'pyi_rth_pkgutil.py' from 
'C:\\MBT_Build\\_python311\\Lib\\site-packages\\PyInstaller\\hooks\\rthooks'
58275 INFO: Including run-time hook 'pyi_rth_setuptools.py' from 
'C:\\MBT_Build\\_python311\\Lib\\site-packages\\PyInstaller\\hooks\\rthooks'
58314 INFO: Including run-time hook 'pyi_rth_pyqt5.py' from 
'C:\\MBT_Build\\_python311\\Lib\\site-packages\\PyInstaller\\hooks\\rthooks'
58350 INFO: Processing pre-find-module-path hook 'hook-_pyi_rth_utils.py' from 
'C:\\MBT_Build\\_python311\\Lib\\site-packages\\PyInstaller\\hooks\\pre_find_module_path'
58380 INFO: Processing standard module hook 'hook-_pyi_rth_utils.py' from 
'C:\\MBT_Build\\_python311\\Lib\\site-packages\\PyInstaller\\hooks'
58497 INFO: Creating base_library.zip...
58572 INFO: Looking for dynamic libraries
60129 INFO: Extra DLL search directories (AddDllDirectory): 
['C:\\MBT_Build\\_python311\\Lib\\site-packages\\PyQt5\\Qt5\\bin']
60129 INFO: Extra DLL search directories (PATH): ['C:\\MBT_Build\\_python311\\Lib\\site-packages\\PyQt5\\Qt5\\bin']
63671 INFO: Warnings written to C:\Users\mugoj\OneDrive\Desktop\MBT 
POS\extracted\mbt_pos\build\mbt_pos\warn-mbt_pos.txt
63853 INFO: Graph cross-reference written to C:\Users\mugoj\OneDrive\Desktop\MBT 
POS\extracted\mbt_pos\build\mbt_pos\xref-mbt_pos.html
64014 INFO: checking PYZ
64014 INFO: Building PYZ because PYZ-00.toc is non existent
64015 INFO: Building PYZ (ZlibArchive) C:\Users\mugoj\OneDrive\Desktop\MBT 
POS\extracted\mbt_pos\build\mbt_pos\PYZ-00.pyz
66389 INFO: Building PYZ (ZlibArchive) C:\Users\mugoj\OneDrive\Desktop\MBT 
POS\extracted\mbt_pos\build\mbt_pos\PYZ-00.pyz completed successfully.
66484 INFO: checking PKG
66484 INFO: Building PKG because PKG-00.toc is non existent
66485 INFO: Building PKG (CArchive) MBT_POS.pkg
117183 INFO: Building PKG (CArchive) MBT_POS.pkg completed successfully.
117190 INFO: Bootloader C:\MBT_Build\_python311\Lib\site-packages\PyInstaller\bootloader\Windows-64bit-intel\runw.exe
117190 INFO: checking EXE
117190 INFO: Building EXE because EXE-00.toc is non existent
117190 INFO: Building EXE from EXE-00.toc
117191 INFO: Copying bootloader EXE to C:\Users\mugoj\OneDrive\Desktop\MBT POS\extracted\mbt_pos\dist\MBT_POS.exe
117388 INFO: Copying icon to EXE
117555 INFO: Copying 0 resources to EXE
117555 INFO: Embedding manifest in EXE
117720 INFO: Appending PKG archive to EXE
118009 INFO: Fixing EXE headers
172006 INFO: Building EXE from EXE-00.toc completed successfully.
172021 INFO: Build complete! The results are available in: C:\Users\mugoj\OneDrive\Desktop\MBT 
POS\extracted\mbt_pos\dist
 [OK] dist\MBT_POS.exe ready.

 [4/5] Building installer...
Processing config: C:\Program Files (x86)\NSIS\nsisconf.nsh
Processing script file: "installer.nsi" (ACP)

Processed 1 file, writing output (x86-unicode):

Output: "C:\Users\mugoj\OneDrive\Desktop\MBT POS\extracted\mbt_pos\dist\MBT_POS_Setup.exe"
Install: 5 pages (320 bytes), 1 section (1 required) (2072 bytes), 463 instructions (12964 bytes), 228 strings (10160 bytes), 1 language table (326 bytes).
Uninstall: 2 pages (192 bytes), 1 section (2072 bytes), 77 instructions (2156 bytes), 112 strings (3490 bytes), 1 language table (254 bytes).
Datablock optimizer saved 26498 bytes (~0.0%).

Using lzma (compress whole) compression.

EXE header size:               38912 / 38912 bytes
Install code:                          (26330 bytes)
Install data:                          (117508718 bytes)
Uninstall code+data:                   (18810 bytes)
Compressed data:            76639712 / 117553858 bytes
CRC (0x7BC69143):                  4 / 4 bytes

Total size:                 76678628 / 117592774 bytes (65.2%)
 [OK] dist\MBT_POS_Setup.exe ready.

 [5/5] Done

 ============================================================
  INSTALLER : dist\MBT_POS_Setup.exe  [73 MB]
  Give to customers - they double-click and it installs.

  RAW EXE   : dist\MBT_POS.exe  [60 MB]
  Fully portable - runs on any Windows 10/11 PC.
 ============================================================

Press any key to continue . . . 
